[amzpubl.com/assets/images/fav.png]
[backblue.gif]
[fade.gif]
[index.html]
[amzpubl.com/assets/images/banner/11.png]
[amzpubl.com/assets/images/banner/12.png]
[amzpubl.com/assets/images/banner/banner.jpg]
[amzpubl.com/assets/images/icons/1.png]
[amzpubl.com/assets/images/icons/2.png]
[amzpubl.com/assets/images/icons/3.png]
[amzpubl.com/assets/images/icons/4.png]
[amzpubl.com/assets/images/icons/5.png]
[amzpubl.com/assets/images/icons/6.png]
[amzpubl.com/assets/images/about/08.png]
[amzpubl.com/assets/images/product/75.jpg]
[amzpubl.com/assets/images/product/76.jpg]
[amzpubl.com/assets/images/product/77.jpg]
[amzpubl.com/assets/images/product/78.jpg]
[amzpubl.com/assets/images/product/79.jpg]
[amzpubl.com/assets/images/product/104.jpg]
[amzpubl.com/assets/images/product/105.jpg]
[amzpubl.com/assets/images/product/101.jpg]
[amzpubl.com/assets/images/product/102.jpg]
[amzpubl.com/assets/images/product/103.jpg]
[amzpubl.com/assets/images/testimonials/07.png]
[amzpubl.com/assets/images/testimonials/04.png]
[amzpubl.com/assets/images/brand/01.png]
[amzpubl.com/assets/images/brand/02.png]
[amzpubl.com/assets/images/brand/03.png]
[amzpubl.com/assets/images/brand/04.png]
[amzpubl.com/assets/images/brand/05.png]
[amzpubl.com/assets/images/brand/06.png]
[amzpubl.com/index.html]
[amzpubl.com/assets/fonts/fa-brands-400.woff2]
[amzpubl.com/assets/fonts/fa-regular-400.woff2]
[amzpubl.com/assets/fonts/fa-solid-900.woff2]
[amzpubl.com/assets/css/plugins/fontawesome-6.css]
[amzpubl.com/assets/css/plugins/swiper.min.css]
[amzpubl.com/assets/css/vendor/metismenu.css]
[amzpubl.com/assets/css/plugins/animate.min.css]
[amzpubl.com/assets/css/vendor/bootstrap.min.css]
[amzpubl.com/assets/css/style.css]
[cdnjs.cloudflare.com/ajax/libs/OwlCarousel2/2.3.4/assets/owl.carousel.min.css]
[cdnjs.cloudflare.com/ajax/libs/OwlCarousel2/2.3.4/assets/owl.theme.default.min.css]
[cdnjs.cloudflare.com/ajax/libs/OwlCarousel2/2.3.4/assets/owl.video.play.png]
[connect.facebook.net/en_US/fbevents.js]
[amzpubl.com/index-2.html]
[amzpubl.com/assets/images/logo/03.svg]
[amzpubl.com/assets/images/logo/02.svg]
[amzpubl.com/about.html]
[amzpubl.com/pricing.html]
[amzpubl.com/contact.html]
[amzpubl.com/privacy-policy.html]
[amzpubl.com/Term-condition.html]
[amzpubl.com/assets/js/vendor/jquery.min.js]
[amzpubl.com/assets/js/plugins/bootstrap.min.js]
[amzpubl.com/assets/js/plugins/contact.form.js]
[amzpubl.com/assets/js/vendor/waypoint.js]
[amzpubl.com/assets/js/plugins/swiper.js]
[amzpubl.com/assets/js/plugins/resizer-sensor.js]
[amzpubl.com/assets/js/plugins/sticky-sidebar.js]
[amzpubl.com/assets/js/plugins/isotop.js]
[amzpubl.com/assets/js/plugins/imagesloaded.pkgd.min.js]
[amzpubl.com/assets/js/plugins/smoothscroll-varticle.js]
[amzpubl.com/assets/js/vendor/gsap.js]
[amzpubl.com/assets/js/plugins/scrolltiger.js]
[amzpubl.com/assets/js/plugins/scrolltoplugin.js]
[amzpubl.com/assets/js/plugins/splittext.js]
[amzpubl.com/assets/js/plugins/smoothscroll.js]
[amzpubl.com/assets/js/plugins/scrollmagic.html]
[amzpubl.com/assets/js/plugins/animate-scrollmagic.html]
[amzpubl.com/assets/js/plugins/tilt.html]
[amzpubl.com/assets/js/plugins/counterup.html]
[amzpubl.com/assets/js/vendor/waw.html]
[amzpubl.com/assets/js/main.html]
[cdnjs.cloudflare.com/ajax/libs/OwlCarousel2/2.3.4/owl.carousel.min.js]
[amzpubl.com/assets/fonts/fa-brands-400.ttf]
[amzpubl.com/assets/fonts/fa-duotone-900.woff2]
[amzpubl.com/assets/fonts/fa-duotone-900.ttf]
[amzpubl.com/assets/fonts/fa-light-300.woff2]
[amzpubl.com/assets/fonts/fa-light-300.ttf]
[amzpubl.com/assets/fonts/fa-regular-400.ttf]
[amzpubl.com/assets/fonts/fa-solid-900.ttf]
[amzpubl.com/assets/fonts/fa-thin-100.woff2]
[amzpubl.com/assets/fonts/fa-thin-100.ttf]
[amzpubl.com/assets/fonts/fa-v4compatibility.woff2]
[amzpubl.com/assets/fonts/fa-v4compatibility.ttf]
[amzpubl.com/assets/images/bg/bg-image-1.html]
[amzpubl.com/assets/images/bg/bg-image-2.jpg]
[amzpubl.com/assets/images/bg/bg-image-3.jpg]
[amzpubl.com/assets/images/bg/bg-image-4.jpg]
[amzpubl.com/assets/images/bg/bg-image-5.html]
[amzpubl.com/assets/images/bg/bg-image-6.html]
[amzpubl.com/assets/images/bg/bg-image-7.jpg]
[amzpubl.com/assets/images/bg/bg-image-8.jpg]
[amzpubl.com/assets/images/bg/bg-image-9.html]
[amzpubl.com/assets/images/bg/bg-image-10.jpg]
[amzpubl.com/assets/images/bg/bg-image-11.html]
[amzpubl.com/assets/images/bg/bg-image-12.html]
[amzpubl.com/assets/images/bg/bg-image-13.jpg]
[amzpubl.com/assets/images/bg/bg-image-14.jpg]
[amzpubl.com/assets/images/bg/bg-image-15.html]
[amzpubl.com/assets/images/bg/bg-image-16.html]
[amzpubl.com/assets/images/bg/bg-image-17.jpg]
[amzpubl.com/assets/images/bg/bg-image-18.jpg]
[amzpubl.com/assets/images/bg/bg-image-19.jpg]
[amzpubl.com/assets/images/bg/bg-image-20.html]
[amzpubl.com/assets/images/bg/bg-image-21.jpg]
[amzpubl.com/assets/images/bg/bg-image-22.html]
[amzpubl.com/assets/images/bg/bg-image-23.jpg]
[amzpubl.com/assets/images/bg/bg-image-24.html]
[amzpubl.com/assets/images/bg/bg-image-25.jpg]
[amzpubl.com/assets/images/bg/bg-image-26.jpg]
[amzpubl.com/assets/images/bg/bg-image-27.jpg]
[amzpubl.com/assets/images/bg/bg-image-28.html]
[amzpubl.com/assets/images/bg/bg-image-29.jpg]
[amzpubl.com/assets/images/bg/bg-image-30.jpg]
[amzpubl.com/assets/images/bg/bg-image-31.html]
[amzpubl.com/assets/images/bg/bg-image-32.jpg]
[amzpubl.com/assets/images/bg/bg-image-33.html]
[amzpubl.com/assets/images/bg/bg-image-34.jpg]
[amzpubl.com/assets/images/bg/bg-image-35.html]
[amzpubl.com/assets/images/bg/bg-image-36.jpg]
[amzpubl.com/assets/images/bg/bg-image-37.html]
[amzpubl.com/assets/images/bg/bg-image-38.html]
[amzpubl.com/assets/images/bg/bg-image-39.jpg]
[amzpubl.com/assets/images/bg/bg-image-40.jpg]
[amzpubl.com/assets/images/bg/bg-image-2.html]
[amzpubl.com/assets/images/bg/bg-image-3.html]
[amzpubl.com/assets/images/bg/bg-image-4.html]
[amzpubl.com/assets/images/bg/bg-image-4.png]
[amzpubl.com/assets/images/bg/bg-image-5.png]
[amzpubl.com/assets/images/bg/bg-image-7.html]
[amzpubl.com/assets/images/bg/bg-image-7.png]
[amzpubl.com/assets/images/bg/bg-image-8.html]
[amzpubl.com/assets/images/bg/bg-image-10.html]
[amzpubl.com/assets/images/bg/bg-image-13.html]
[amzpubl.com/assets/images/bg/bg-image-14.html]
[amzpubl.com/assets/images/bg/bg-image-17.html]
[amzpubl.com/assets/images/bg/bg-image-18.html]
[amzpubl.com/assets/images/bg/bg-image-19.html]
[amzpubl.com/assets/images/bg/bg-image-21.html]
[amzpubl.com/assets/images/bg/bg-image-23.html]
[amzpubl.com/assets/images/bg/bg-image-17.png]
[amzpubl.com/assets/images/bg/bg-image-18.png]
[amzpubl.com/assets/images/bg/bg-image-19.png]
[amzpubl.com/assets/images/bg/bg-image-25.html]
[amzpubl.com/assets/images/banner/shape-nois.png]
[amzpubl.com/assets/images/product/39.png]
[amzpubl.com/assets/images/banner/bg-shape.png]
[amzpubl.com/assets/images/banner/08.jpg]
[amzpubl.com/assets/images/banner/13.jpg]
[amzpubl.com/assets/images/banner/15.jpg]
[amzpubl.com/assets/images/banner/18.png]
[amzpubl.com/assets/images/blog/15.jpg]
[amzpubl.com/assets/images/banner/27.jpg]
[amzpubl.com/assets/images/about/11.jpg]
[amzpubl.com/assets/images/service/08.jpg]
[amzpubl.com/assets/images/service/09.jpg]
[amzpubl.com/assets/images/service/10.jpg]
[amzpubl.com/assets/images/service/11.jpg]
[amzpubl.com/assets/images/service/12.jpg]
[amzpubl.com/assets/images/service/13.jpg]
[amzpubl.com/assets/images/product/04.jpg]
[amzpubl.com/assets/images/cta/03.jpg]
[amzpubl.com/assets/images/product/03.webp]
[amzpubl.com/assets/images/product/icons/01.png]
[amzpubl.com/assets/images/product/icons/02.png]
[amzpubl.com/assets/images/banner/19.png]
[amzpubl.com/assets/images/banner/24.jpg]
[amzpubl.com/assets/images/banner/25.jpg]
[amzpubl.com/assets/images/banner/03.png]
[amzpubl.com/assets/images/footer/01.jpg]
[amzpubl.com/assets/images/cta/04.jpg]
[amzpubl.com/assets/images/video/play-icon.png]
[amzpubl.com/assets/images/working-process/icon/01.html]
[amzpubl.com/assets/images/working-process/icon/02.html]
[amzpubl.com/assets/images/working-process/icon/03.html]
[amzpubl.com/assets/images/working-process/icon/04.html]
[amzpubl.com/assets/images/working-process/01.jpg]
[amzpubl.com/signals/config/index.html]
[amzpubl.com/t.html]
[amzpubl.com/e.html]
[amzpubl.com/signals/plugins/index.html]
[amzpubl.com/schema.org/index.html]
[amzpubl.com/t.resolvedLink.html]
[amzpubl.com/o.html]
[amzpubl.com/signals/iwl.html]
[amzpubl.com/signals/iwl0fc5.html]
[amzpubl.com/n[e].html]
[amzpubl.com/assets/images/about/10.png]
[amzpubl.com/assets/images/faq/02.png]
[amzpubl.com/assets/images/brand/07.png]
[amzpubl.com/assets/images/brand/08.png]
[amzpubl.com/assets/images/brand/09.png]
[amzpubl.com/assets/images/brand/10.png]
[amzpubl.com/assets/images/brand/11.png]
[amzpubl.com/assets/images/brand/12.png]
[amzpubl.com/assets/images/brand/13.png]
[amzpubl.com/assets/images/brand/14.png]
[amzpubl.com/assets/images/brand/15.png]
[amzpubl.com/assets/images/brand/16.png]
[amzpubl.com/assets/images/brand/17.png]
[amzpubl.com/assets/images/brand/18.png]
[amzpubl.com/Version/index.html]
[amzpubl.com/version/index-2.html]
